// Jest Snapshot v1, https://goo.gl/fbAQLP

exports[`Header.vue has the expected html structure 1`] = `
<div
  class="todo-header"
>
  <div
    class="overlay"
  />
   
  <time
    class="clearfix"
  >
    <span
      class="day"
    >
      10
    </span>
     
    <span
      class="dayofweek"
    >
      Tuesday
    </span>
     
    <span
      class="dayofweek"
    >
      April, 2018
    </span>
  </time>
</div>
`;
