// Jest Snapshot v1, https://goo.gl/fbAQLP

exports[`Todo.vue should render like the snapshot 1`] = `
<div>
  <!---->
</div>
`;
