// Jest Snapshot v1, https://goo.gl/fbAQLP

exports[`TodoItem.vue has the expected html structure 1`] = `
<div>
  <div
    class="itemCardAndFlag"
  >
    <!---->
     
    <!---->
  </div>
</div>
`;
